.,'.,'.,'.,'.,'.,'.,'.,'.,'.,'.,'.,'.,'.,'.,x^*x^*x^*x^*x^*x^*x^
,'.,'.,'.,'.,'.,'.,'.,'.,'.,'.,'.,'.,'.,'.,'^*x^*x^*x^*x^*x^*x^*
'.,'.,'.,'.,'.,'.,'.,'.,'.,'.,'.,'.,'.,'.,'.*x^*x^*x^*x^*x^*x^*x
.,'.,'.,'.,'.,'.,'.,'.,'.,'.,'.,'.,'.,'.,'.,x^*x^*x^*x^*x^*x^*x^
,'.,'.,'.,'.,'.,'.,'.,'.,'.,'.,'.,'.,'.,'.,'^*x^*x^*x^*x^*x^*x^*
'tTftTftTftTftTft,'.,'.,'.,'.,'.,'.,'.,'.,'.*x^*x^*x^*x^*x^*x^*x
.TftTftTftTftTftT'.,'.,'.,'.,'.,'.,'.,'.,'.,x^*x^*x^*x^*x^*x^*x^
,ftTftTftTftTftTf.,'.,'.,'.,'.,'.,'.,'.,'.,'^*x^*x^*x^*x^*x^*x^*
'tTftTftTftTftTft,'.,'.,'.,'.,'.,'.,'.,'.,'.*x^*x^*x^*x^*x^*x^*x
.TftTftTftTftTftT'.,'.,'.,'.,'.,'.,'.,'.,'.,x^*x^*x^*x^*x^*x^*x^
,ftTftTftTftTftTf.,'.,'.,'.,'.,'.,'.,'.,'.,'^*x^*x^*x^*x^*x^*x^*
'tTftTftTftTftTft,'.,'.,'.,'.,'.,'.,'.,'.,'.*x^*x^*x^*x^*x^*x^*x
.TftTftTftTftTftT'.,'.,'.,'.,'.,'.,'.,'.,'.,x^*x^*x^*x^*x^*x^*x^
,ftTftTftTftTftTf.,'.,'.,'.,'.,'.,'.,'.,'.,'.,'.,'.,'.,'.,'.,'.,
'tTftTftTftTftTft,'.,'.,'.,'.,'.,'.,'.,'.,'.,'.,'.,'.,'.,'.,'.,'
.TftTftTftTftTftT'.,'.,'.,'.,'.,'.,'.,'.,'.,'.,'.,'.,'.,'.,'.,'.
,ftTftTftTftTftTf.,'.,'.,'.,'.,'.,'.,'.,'.,'.,'.,'.,'.,'.,'.,'.,
'tTftTftTftTftTft,'.,'.,'.,'.,'.,'.,'.,'.,'.,'.,'.,'.,'.,'.,'.,'
.TftTftTftTftTftT'.,'.,'.,'.,'.,'.,'.,'.,'.,'.,'.,'.,'.,'.,'.,'.
,ftTftTftTftTftTf.,'.,'.,'.,'.,'.,'.,'.,'.,'.,'.,'.,'.,'.,'.,'.,
'tTftTftTftTftTft,'.,'.,'.,'.,'.,'.,'.,'.,'.,'.,'.,'.,'.,'.,'.,'
.TftTftTftTftTftT'.,'.,'.,'.,'.,'.,'.,':;":;":;":;":;":;":;'.,'.
,ftTftTftTftTftTf.,'.,'.,'.,'.,'.,'.,'.;-~=-~=-~=-~=-~=-~=".,'.,
'tTftTftTftTftTft,'.,'.,'.,'.,'.,'.,'.,"~=-~=-~=-~=-~=-~=-:,'.,'
.TftTftTftTftTftT'.,'.,'.,'.,'.,'.,'.,':=-~=-~=-~=-~=-~=-~;'.,'.
,ftTftTftTftTftTf.,'.,'.,'.,'.,'.,'.,'.;-~=-~=-~=-~=-~=-~=".,'.,
'tTftTftTftTftTft,'.,'.,'.,'.,'.,'.,'.,"~=-~=-~=-~=-~=-~=-:,'.,'
.TftTftTftTftTftT'.,'.,'.,'.,'.,'.,'.,':=-~=-~=-~=-~=-~=-~;'.,'.
,ftTftTftTftTftTf.,'.,'.,'.,'.,'.,'.,'.;-~=-~=-~=-~=-~=-~=".,'.,
'tTftTftTftTftTft,'.,'.,'.,'.,'.,'.,'.,"~=-~=-~=-~=-~=-~=-:,'.,'
.TftTftTftTftTftT'.,'.,'.,'.,'.,'.,'.,':=-~=-~=-~=-~=-~=-~;'.,'.
,'.,'.,'.,'.,'.,'.,'.,'.,'.,'.,'.,'.,'.;-~=-~=-~=-~=-~=-~=".,'.,
'.,'.,'.,'.,'.,'.O0oO0oO0oO0oO0oO0oO0oO"~=-~=-~=-~=-~=-~=-:,'.,'
.,'.,'.,'.,'.,'.,0oO0oO0oO0oO0oO0oO0oO0:=-~=-~=-~=-~=-~=-~;'.,'.
,'.,'.,'.,'.,'.,'.,'oO'.,'.,'.,'.,'.,'.;-~=-~=-~=-~=-~=-~=".,'.,
'.,'.,'.,'.,'.,'.,'.O0.,'.,'.,'.,'.,'.,"~=-~=-~=-~=-~=-~=-:,'.,'
.,'.,'.,'.,'.,'.,'.,0o,'.,'.,'.,'.,'.,':=-~=-~=-~=-~=-~=-~;'.,'.
,'.,'.,'.,'.,'.,'.,'oO'.,'.,'.,'.,'.,'.;-~=-~=-~=-~=-~=-~=".,'.,
'.,'.,'.,'.,'.,'.,'.O0.,'.,'.,'.,'.,'.,":;":;":;":;":;":;":,'.,'
.,'.,'.,'.,'.,'.,'.,0o,'.,'.,'.,'.,'.,'.,'.,'.,'.,'.,'.,'.,'.,'.
,'.,'.,'.,'.,'.,'.,'oO'.,'.,'.,'.,'.,'.,'.,'.,'.,'.,'.,'.,'.,'.,
'.,'.,'.,'.,'.,'.,'.O0.,'.,'.,'.,'.,'.,'.,'.,'.,'.,'.,'.,'.,'.,'
.,'.,'.,'.,'.,'.,'.,0o,'.,'.,'.,'.,'.,'.,'.,'.,'.,'.,'.,'.,'.,'.
,'.,'.,'.,'.,'.,'.,'oO'.,'.,'.,'.,'.,'.,'.,'.,'.,'.,'.,'.,'.,'.,
'.,'.,'.,'.,'.,'.,'.O0.,'.,'.,'.,'.,'.,'.,'.,'.,'.,'.,'.,'.,'.,'
.,'.,'.,'.,'.,'.,'.,'.,'.,+#%+#%+#%+#%+#%'.,'.,'.,'.,'.,'.,'.,'.
,'.,'.,'.,'.,'.,'.,'.,'.,'#%+#%+#%+#%+#%+.,'.,'.,'.,'.,'.,'.,'.,
'.,'.,'.,'.,'.,'.,'.,'.,'.%+#%+#%+#%+#%+#,'.,'.,'.,'.,'.,'.,'.,'
.,'.,'.,'.,'.,'.,'.,'.,'.,+#%+#%+#%+#%+#%'.,'.,'.,'.,'.,'.,'.,'.
,'.,'.,'.,'.,'.,'.,'.,'.,'#%+#%+#%+#%+#%+.,'.,'.,'.,'.,'.,'.,'.,
'.,'.,'.,'.,'.,'.,'.,'.,'.%+#%+#%+#%+#%+#,'.,'.,'.,'.,'.,'.,'.,'
.,'.,'.,'.,'.,'.,'.,'.,'.,+#%+#%+#%+#%+#%'.,'.,'.,'.,'.,'.,'.,'.
,'.,'.,'.,'.,'.,'.,'.,'.,'#%+#%+#%+#%+#%+.,'.,'.,'.,'.,'.,'.,'.,
'.,'.,'.,'.,'.,'.,'.,'.,'.%+#%+#%+#%+#%+#,'.,'.,'.,'.,'.,'.,'.,'
.,'.,'.,'.,'.,'.,'.,'.,'.,+#%+#%+#%+#%+#%'.,'.,'.,'.,'.,'.,'.,'.
,'.,'.,'.,'.,'.,'.,'.,'.,'.,'.,'.,'.,'.,'.,'.,'.,'.,'.,'.,'.,'.,
'.,'.,'.,'.,'.,'.,'.,'.,'.,'.,'.,'.,'.,'.,'.,'.,'.,'.,'.,'.,'.,'
.,'.,'.,'.,'.,'.,'.,'.,'.,'.,'.,'.,'.,'.,'.,'.,'.,'.,'.,'.,'.,'.
,'.,'.,'.,'.,'.,'.,'.,'.,'.,'.,'.,'.,'.,'.,'.,'.,'.,'.,'.,'.,'.,
'.,'.,'.,'.,'.,'.,'.,'.,'.,'.,'.,'.,'.,'.,'.,'.,'.,'.,'.,'.,'.,'
.,'.,'.,'.,'.,'.,'.,'.,'.,'.,'.,'.,'.,'.,'.,'.,'.,'.,'.,'.,'.,'.
,'.,'.,'.,'.,'.,'.,'.,'.,'.,'.,'.,'.,'.,'.,'.,'.,'.,'.,'.,'.,'.,
'.,'.,'.,'.,'.,'.,'.,'.,'.,'.,'.,'.,'.,'.,'.,'.,'.,'.,'.,'.,'.,'
.,'.,'.,'.,'.,'.,'.,'.,'.,'.,'.,'.,'.,'.,'.,'.,'.,'.,'.,'.,'.,'.
